/home/ubuntu/Desktop/ROS2_sim/install/sentinel_mission/lib/python3.10/site-packages/sentinel_mission/mission_loader.py
/home/ubuntu/Desktop/ROS2_sim/install/sentinel_mission/lib/python3.10/site-packages/sentinel_mission/mission_node.py
/home/ubuntu/Desktop/ROS2_sim/install/sentinel_mission/lib/python3.10/site-packages/sentinel_mission/start_trigger.py
/home/ubuntu/Desktop/ROS2_sim/install/sentinel_mission/lib/python3.10/site-packages/sentinel_mission/__init__.py
/home/ubuntu/Desktop/ROS2_sim/install/sentinel_mission/lib/python3.10/site-packages/sentinel_mission/drone_node.py
/home/ubuntu/Desktop/ROS2_sim/install/sentinel_mission/lib/python3.10/site-packages/sentinel_mission/emergency_node.py
/home/ubuntu/Desktop/ROS2_sim/install/sentinel_mission/lib/python3.10/site-packages/sentinel_mission/proposal.py
/home/ubuntu/Desktop/ROS2_sim/install/sentinel_mission/lib/python3.10/site-packages/sentinel_mission/__pycache__/mission_loader.cpython-310.pyc
/home/ubuntu/Desktop/ROS2_sim/install/sentinel_mission/lib/python3.10/site-packages/sentinel_mission/__pycache__/mission_node.cpython-310.pyc
/home/ubuntu/Desktop/ROS2_sim/install/sentinel_mission/lib/python3.10/site-packages/sentinel_mission/__pycache__/start_trigger.cpython-310.pyc
/home/ubuntu/Desktop/ROS2_sim/install/sentinel_mission/lib/python3.10/site-packages/sentinel_mission/__pycache__/__init__.cpython-310.pyc
/home/ubuntu/Desktop/ROS2_sim/install/sentinel_mission/lib/python3.10/site-packages/sentinel_mission/__pycache__/drone_node.cpython-310.pyc
/home/ubuntu/Desktop/ROS2_sim/install/sentinel_mission/lib/python3.10/site-packages/sentinel_mission/__pycache__/emergency_node.cpython-310.pyc
/home/ubuntu/Desktop/ROS2_sim/install/sentinel_mission/lib/python3.10/site-packages/sentinel_mission/__pycache__/proposal.cpython-310.pyc
/home/ubuntu/Desktop/ROS2_sim/install/sentinel_mission/share/ament_index/resource_index/packages/sentinel_mission
/home/ubuntu/Desktop/ROS2_sim/install/sentinel_mission/share/sentinel_mission/package.xml
/home/ubuntu/Desktop/ROS2_sim/install/sentinel_mission/share/sentinel_mission/launch/mission_package.launch.py
/home/ubuntu/Desktop/ROS2_sim/install/sentinel_mission/share/sentinel_mission/missions/mission1.plan
/home/ubuntu/Desktop/ROS2_sim/install/sentinel_mission/share/sentinel_mission/missions/default.plan
/home/ubuntu/Desktop/ROS2_sim/install/sentinel_mission/lib/python3.10/site-packages/sentinel_mission-0.1.0-py3.10.egg-info/dependency_links.txt
/home/ubuntu/Desktop/ROS2_sim/install/sentinel_mission/lib/python3.10/site-packages/sentinel_mission-0.1.0-py3.10.egg-info/PKG-INFO
/home/ubuntu/Desktop/ROS2_sim/install/sentinel_mission/lib/python3.10/site-packages/sentinel_mission-0.1.0-py3.10.egg-info/entry_points.txt
/home/ubuntu/Desktop/ROS2_sim/install/sentinel_mission/lib/python3.10/site-packages/sentinel_mission-0.1.0-py3.10.egg-info/SOURCES.txt
/home/ubuntu/Desktop/ROS2_sim/install/sentinel_mission/lib/python3.10/site-packages/sentinel_mission-0.1.0-py3.10.egg-info/requires.txt
/home/ubuntu/Desktop/ROS2_sim/install/sentinel_mission/lib/python3.10/site-packages/sentinel_mission-0.1.0-py3.10.egg-info/top_level.txt
/home/ubuntu/Desktop/ROS2_sim/install/sentinel_mission/lib/python3.10/site-packages/sentinel_mission-0.1.0-py3.10.egg-info/zip-safe
/home/ubuntu/Desktop/ROS2_sim/install/sentinel_mission/lib/sentinel_mission/drone_node
/home/ubuntu/Desktop/ROS2_sim/install/sentinel_mission/lib/sentinel_mission/emergency_node
/home/ubuntu/Desktop/ROS2_sim/install/sentinel_mission/lib/sentinel_mission/mission_node
/home/ubuntu/Desktop/ROS2_sim/install/sentinel_mission/lib/sentinel_mission/start_trigger
